stm32f3xx_hal_rtc_ex.c:149:19:HAL_RTCEx_SetTimeStamp	8	static
stm32f3xx_hal_rtc_ex.c:203:19:HAL_RTCEx_SetTimeStamp_IT	12	static
stm32f3xx_hal_rtc_ex.c:253:19:HAL_RTCEx_DeactivateTimeStamp	12	static
stm32f3xx_hal_rtc_ex.c:296:19:HAL_RTCEx_GetTimeStamp	24	static
stm32f3xx_hal_rtc_ex.c:347:19:HAL_RTCEx_SetTamper	20	static
stm32f3xx_hal_rtc_ex.c:395:19:HAL_RTCEx_SetTamper_IT	20	static
stm32f3xx_hal_rtc_ex.c:453:19:HAL_RTCEx_DeactivateTamper	4	static
stm32f3xx_hal_rtc_ex.c:550:13:HAL_RTCEx_TimeStampEventCallback	0	static
stm32f3xx_hal_rtc_ex.c:565:13:HAL_RTCEx_Tamper1EventCallback	0	static
stm32f3xx_hal_rtc_ex.c:580:13:HAL_RTCEx_Tamper2EventCallback	0	static
stm32f3xx_hal_rtc_ex.c:478:6:HAL_RTCEx_TamperTimeStampIRQHandler	8	static
stm32f3xx_hal_rtc_ex.c:613:19:HAL_RTCEx_PollForTimeStampEvent	16	static
stm32f3xx_hal_rtc_ex.c:652:19:HAL_RTCEx_PollForTamper1Event	16	static
stm32f3xx_hal_rtc_ex.c:684:19:HAL_RTCEx_PollForTamper2Event	16	static
stm32f3xx_hal_rtc_ex.c:769:19:HAL_RTCEx_SetWakeUpTimer	32	static
stm32f3xx_hal_rtc_ex.c:858:19:HAL_RTCEx_SetWakeUpTimer_IT	32	static
stm32f3xx_hal_rtc_ex.c:957:10:HAL_RTCEx_DeactivateWakeUpTimer	16	static
stm32f3xx_hal_rtc_ex.c:1009:10:HAL_RTCEx_GetWakeUpTimer	0	static
stm32f3xx_hal_rtc_ex.c:1044:13:HAL_RTCEx_WakeUpTimerEventCallback	0	static
stm32f3xx_hal_rtc_ex.c:1020:6:HAL_RTCEx_WakeUpTimerIRQHandler	8	static
stm32f3xx_hal_rtc_ex.c:1060:19:HAL_RTCEx_PollForWakeUpTimerEvent	16	static
stm32f3xx_hal_rtc_ex.c:1126:6:HAL_RTCEx_BKUPWrite	0	static
stm32f3xx_hal_rtc_ex.c:1148:10:HAL_RTCEx_BKUPRead	0	static
stm32f3xx_hal_rtc_ex.c:1181:19:HAL_RTCEx_SetSmoothCalib	32	static
stm32f3xx_hal_rtc_ex.c:1249:19:HAL_RTCEx_SetSynchroShift	24	static
stm32f3xx_hal_rtc_ex.c:1342:19:HAL_RTCEx_SetCalibrationOutPut	12	static
stm32f3xx_hal_rtc_ex.c:1380:19:HAL_RTCEx_DeactivateCalibrationOutPut	12	static
stm32f3xx_hal_rtc_ex.c:1409:19:HAL_RTCEx_SetRefClock	16	static
stm32f3xx_hal_rtc_ex.c:1458:19:HAL_RTCEx_DeactivateRefClock	16	static
stm32f3xx_hal_rtc_ex.c:1509:19:HAL_RTCEx_EnableBypassShadow	12	static
stm32f3xx_hal_rtc_ex.c:1541:19:HAL_RTCEx_DisableBypassShadow	12	static
stm32f3xx_hal_rtc_ex.c:1590:13:HAL_RTCEx_AlarmBEventCallback	0	static
stm32f3xx_hal_rtc_ex.c:1606:19:HAL_RTCEx_PollForAlarmBEvent	16	static
