stm32f3xx_hal_msp.c:49:6:HAL_MspInit	16	static
stm32f3xx_hal_msp.c:80:6:HAL_ADC_MspInit	40	static
stm32f3xx_hal_msp.c:115:6:HAL_ADC_MspDeInit	8	static
stm32f3xx_hal_msp.c:143:6:HAL_I2C_MspInit	48	static
stm32f3xx_hal_msp.c:185:6:HAL_I2C_MspDeInit	8	static
stm32f3xx_hal_msp.c:214:6:HAL_RTC_MspInit	8	static
stm32f3xx_hal_msp.c:234:6:HAL_RTC_MspDeInit	8	static
stm32f3xx_hal_msp.c:254:6:HAL_TIM_Base_MspInit	16	static
stm32f3xx_hal_msp.c:274:6:HAL_TIM_Base_MspDeInit	8	static
stm32f3xx_hal_msp.c:294:6:HAL_UART_MspInit	32	static
stm32f3xx_hal_msp.c:327:6:HAL_UART_MspDeInit	8	static
