user.c:456:9:Int2String.part.0	16	static
user.c:106:6:UserInitialise	24	static
user.c:302:10:TempConv	0	static
user.c:313:6:switchHeater	0	static
user.c:318:6:switchValve	0	static
user.c:426:9:String2Int	8	static
user.c:323:6:DecodeCmd	24	static
user.c:456:9:Int2String	0	static
user.c:500:6:resetAll	8	static
user.c:511:6:writeToPins	16	static
user.c:150:6:User	40	static
user.c:577:6:HAL_UART_RxCpltCallback	0	static
user.c:584:6:HAL_TIM_PeriodElapsedCallback	0	static
user.c:591:6:HAL_GPIO_EXTI_Callback	0	static
