user.c:154:6:UserInitialise	16	static
user.c:442:10:TempConv	0	static
user.c:453:6:switchHeater	8	static
user.c:458:6:switchValve	8	static
user.c:702:9:StringTime2Int	4	static
user.c:725:9:String2Int	8	static
user.c:755:10:Int2String	12	static
user.c:463:6:DecodeCmd	40	static
user.c:803:6:resetAll	8	static
user.c:814:6:writeToPins	16	static
user.c:206:6:User	40	static
user.c:880:6:HAL_UART_RxCpltCallback	0	static
user.c:887:6:HAL_TIM_PeriodElapsedCallback	0	static
user.c:894:6:HAL_GPIO_EXTI_Callback	0	static
user.c:900:6:HAL_RTCEx_WakeUpTimerEventCallback	0	static
