Archive member included to satisfy reference by file (symbol)

c:/program files (x86)/atollic/truestudio for arm 8.0.0/armtools/bin/../lib/gcc/arm-atollic-eabi/6.3.1/../../../../arm-atollic-eabi/lib/armv7e-m/fpu\libc_nano.a(lib_a-init.o)
                              startup\startup_stm32f334x8.o (__libc_init_array)

Allocating common symbols
Common symbol       size              file

digit               0x1               Src\user.o
timeL               0x1               Src\user.o
YYYY_get            0x1               Src\user.o
ambientT            0x4               Src\user.o
numberMap           0xa               Src\user.o
DD_get              0x1               Src\user.o
offTime             0x3c              Src\user.o
my_counter          0x1               Src\user.o
MM_set              0x1               Src\user.o
vrms_avg            0x4               Src\user.o
ss_set              0x1               Src\user.o
ms5Flag             0x1               Src\user.o
halStatus           0x1               Src\user.o
getDate             0x4               Src\user.o
HH_on               0x1               Src\user.o
HH_set              0x1               Src\user.o
firstHighFlag       0x1               Src\user.o
hi2c1               0x4c              Src\main.o
segements           0x4               Src\user.o
getTimeLive         0x14              Src\user.o
samplectr           0x1               Src\user.o
lasttick            0x4               Src\user.o
pData               0x1               Src\user.o
onTime              0x3c              Src\user.o
i2cErFlag           0x1               Src\stm32f3xx_it.o
txBuf               0x32              Src\user.o
uwTick              0x4               Drivers\STM32F3xx_HAL_Driver\Src\stm32f3xx_hal.o
vsample             0x50              Src\user.o
pFlash              0x20              Drivers\STM32F3xx_HAL_Driver\Src\stm32f3xx_hal_flash.o
irms_avg            0x4               Src\user.o
tempSetpoint        0x2               Src\user.o
DD_set              0x1               Src\user.o
setDate             0x4               Src\user.o
uartRxChar          0x1               Src\user.o
ss_off              0x1               Src\user.o
mm_on               0x1               Src\user.o
setTime             0x14              Src\user.o
hadc1               0x54              Src\main.o
huart1              0x70              Src\main.o
isample             0x50              Src\user.o
buffer              0x4               Src\user.o
irms                0x4               Src\user.o
HH_get              0x1               Src\user.o
heaterState         0x2               Src\user.o
cmdBuf              0x32              Src\user.o
adcchan             0x1               Src\user.o
ms5Counter          0x1               Src\user.o
hrtc                0x20              Src\main.o
pinsValue           0x4               Src\user.o
YYYY_set            0x1               Src\user.o
HH_off              0x1               Src\user.o
getTime             0x14              Src\user.o
mm_set              0x1               Src\user.o
tempF               0x3               Src\user.o
flowPulse           0x1               Src\user.o
ss_get              0x1               Src\user.o
mm_off              0x1               Src\user.o
valveState          0x2               Src\user.o
vrms_accum          0x4               Src\user.o
flowHighFlag        0x1               Src\user.o
flowCounter         0x4               Src\user.o
uartRxFlag          0x1               Src\user.o
irms_accum          0x4               Src\user.o
htim2               0x40              Src\main.o
rtcSecFlag          0x1               Src\stm32f3xx_it.o
i2cTxFlag           0x1               Src\stm32f3xx_it.o
vrms                0x4               Src\user.o
heatingWindow       0x2               Src\user.o
mm_get              0x1               Src\user.o
totalFlow           0x4               Src\user.o
waterT              0x4               Src\user.o
ss_on               0x1               Src\user.o
cmdBufPos           0x2               Src\user.o
adcFlag             0x1               Src\user.o
scheduleState       0x2               Src\user.o
getDateLive         0x4               Src\user.o
MM_get              0x1               Src\user.o

Discarded input sections

 .text          0x00000000        0x0 c:/program files (x86)/atollic/truestudio for arm 8.0.0/armtools/bin/../lib/gcc/arm-atollic-eabi/6.3.1/armv7e-m/fpu/crti.o
 .data          0x00000000        0x0 c:/program files (x86)/atollic/truestudio for arm 8.0.0/armtools/bin/../lib/gcc/arm-atollic-eabi/6.3.1/armv7e-m/fpu/crti.o
 .bss           0x00000000        0x0 c:/program files (x86)/atollic/truestudio for arm 8.0.0/armtools/bin/../lib/gcc/arm-atollic-eabi/6.3.1/armv7e-m/fpu/crti.o
 .data          0x00000000        0x4 c:/program files (x86)/atollic/truestudio for arm 8.0.0/armtools/bin/../lib/gcc/arm-atollic-eabi/6.3.1/armv7e-m/fpu/crtbegin.o
[...]
Memory Configuration

Name             Origin             Length             Attributes
RAM              0x20000000         0x00003000         xrw
CCMRAM           0x10000000         0x00001000         rw
FLASH            0x08000000         0x00010000         xr
*default*        0x00000000         0xffffffff

Linker script and memory map

LOAD c:/program files (x86)/atollic/truestudio for arm 8.0.0/armtools/bin/../lib/gcc/arm-atollic-eabi/6.3.1/armv7e-m/fpu/crti.o
LOAD c:/program files (x86)/atollic/truestudio for arm 8.0.0/armtools/bin/../lib/gcc/arm-atollic-eabi/6.3.1/armv7e-m/fpu/crtbegin.o
LOAD Drivers\STM32F3xx_HAL_Driver\Src\stm32f3xx_hal.o
LOAD Drivers\STM32F3xx_HAL_Driver\Src\stm32f3xx_hal_adc.o
LOAD Drivers\STM32F3xx_HAL_Driver\Src\stm32f3xx_hal_adc_ex.o
LOAD Drivers\STM32F3xx_HAL_Driver\Src\stm32f3xx_hal_cortex.o
LOAD Drivers\STM32F3xx_HAL_Driver\Src\stm32f3xx_hal_dma.o
LOAD Drivers\STM32F3xx_HAL_Driver\Src\stm32f3xx_hal_flash.o
LOAD Drivers\STM32F3xx_HAL_Driver\Src\stm32f3xx_hal_flash_ex.o
LOAD Drivers\STM32F3xx_HAL_Driver\Src\stm32f3xx_hal_gpio.o
LOAD Drivers\STM32F3xx_HAL_Driver\Src\stm32f3xx_hal_i2c.o
LOAD Drivers\STM32F3xx_HAL_Driver\Src\stm32f3xx_hal_i2c_ex.o
LOAD Drivers\STM32F3xx_HAL_Driver\Src\stm32f3xx_hal_pwr.o
LOAD Drivers\STM32F3xx_HAL_Driver\Src\stm32f3xx_hal_pwr_ex.o
LOAD Drivers\STM32F3xx_HAL_Driver\Src\stm32f3xx_hal_rcc.o
LOAD Drivers\STM32F3xx_HAL_Driver\Src\stm32f3xx_hal_rcc_ex.o
LOAD Drivers\STM32F3xx_HAL_Driver\Src\stm32f3xx_hal_rtc.o
LOAD Drivers\STM32F3xx_HAL_Driver\Src\stm32f3xx_hal_rtc_ex.o
LOAD Drivers\STM32F3xx_HAL_Driver\Src\stm32f3xx_hal_tim.o
LOAD Drivers\STM32F3xx_HAL_Driver\Src\stm32f3xx_hal_tim_ex.o
LOAD Drivers\STM32F3xx_HAL_Driver\Src\stm32f3xx_hal_uart.o
LOAD Drivers\STM32F3xx_HAL_Driver\Src\stm32f3xx_hal_uart_ex.o
LOAD Src\main.o
LOAD Src\stm32f3xx_hal_msp.o
LOAD Src\stm32f3xx_it.o
LOAD Src\system_stm32f3xx.o
LOAD Src\user.o
LOAD startup\startup_stm32f334x8.o
                0x00000080                malloc_getpagesize_P = 0x80
START GROUP
LOAD c:/program files (x86)/atollic/truestudio for arm 8.0.0/armtools/bin/../lib/gcc/arm-atollic-eabi/6.3.1/../../../../arm-atollic-eabi/lib/armv7e-m/fpu\libc_nano.a
LOAD c:/program files (x86)/atollic/truestudio for arm 8.0.0/armtools/bin/../lib/gcc/arm-atollic-eabi/6.3.1/../../../../arm-atollic-eabi/lib/armv7e-m/fpu\libm.a
END GROUP
START GROUP
LOAD c:/program files (x86)/atollic/truestudio for arm 8.0.0/armtools/bin/../lib/gcc/arm-atollic-eabi/6.3.1/armv7e-m/fpu\libgcc.a
LOAD c:/program files (x86)/atollic/truestudio for arm 8.0.0/armtools/bin/../lib/gcc/arm-atollic-eabi/6.3.1/../../../../arm-atollic-eabi/lib/armv7e-m/fpu\libc_nano.a
END GROUP
START GROUP
LOAD c:/program files (x86)/atollic/truestudio for arm 8.0.0/armtools/bin/../lib/gcc/arm-atollic-eabi/6.3.1/armv7e-m/fpu\libgcc.a
LOAD c:/program files (x86)/atollic/truestudio for arm 8.0.0/armtools/bin/../lib/gcc/arm-atollic-eabi/6.3.1/../../../../arm-atollic-eabi/lib/armv7e-m/fpu\libc_nano.a
LOAD c:/program files (x86)/atollic/truestudio for arm 8.0.0/armtools/bin/../lib/gcc/arm-atollic-eabi/6.3.1/../../../../arm-atollic-eabi/lib/armv7e-m/fpu\libnosys.a
END GROUP
START GROUP
LOAD c:/program files (x86)/atollic/truestudio for arm 8.0.0/armtools/bin/../lib/gcc/arm-atollic-eabi/6.3.1/armv7e-m/fpu\libgcc.a
LOAD c:/program files (x86)/atollic/truestudio for arm 8.0.0/armtools/bin/../lib/gcc/arm-atollic-eabi/6.3.1/../../../../arm-atollic-eabi/lib/armv7e-m/fpu\libc_nano.a
LOAD c:/program files (x86)/atollic/truestudio for arm 8.0.0/armtools/bin/../lib/gcc/arm-atollic-eabi/6.3.1/../../../../arm-atollic-eabi/lib/armv7e-m/fpu\libnosys.a
END GROUP
LOAD c:/program files (x86)/atollic/truestudio for arm 8.0.0/armtools/bin/../lib/gcc/arm-atollic-eabi/6.3.1/armv7e-m/fpu/crtend.o
LOAD c:/program files (x86)/atollic/truestudio for arm 8.0.0/armtools/bin/../lib/gcc/arm-atollic-eabi/6.3.1/armv7e-m/fpu/crtn.o
                0x20003000                _estack = 0x20003000
                0x00000200                _Min_Heap_Size = 0x200
                0x00000400                _Min_Stack_Size = 0x400

.isr_vector     0x08000000      0x188
                0x08000000                . = ALIGN (0x4)
 *(.isr_vector)
 .isr_vector    0x08000000      0x188 startup\startup_stm32f334x8.o
                0x08000000                g_pfnVectors
                0x08000188                . = ALIGN (0x4)

.text           0x08000188     0x46ac
                0x08000188                . = ALIGN (0x4)
 *(.text)
 .text          0x08000188       0x40 c:/program files (x86)/atollic/truestudio for arm 8.0.0/armtools/bin/../lib/gcc/arm-atollic-eabi/6.3.1/armv7e-m/fpu/crtbegin.o
 *(.text*)
 .text.HAL_InitTick
                0x080001c8       0x2c Drivers\STM32F3xx_HAL_Driver\Src\stm32f3xx_hal.o
                0x080001c8                HAL_InitTick
 .text.HAL_Init
                0x080001f4       0x24 Drivers\STM32F3xx_HAL_Driver\Src\stm32f3xx_hal.o
                0x080001f4                HAL_Init
 .text.HAL_IncTick
                0x08000218       0x10 Drivers\STM32F3xx_HAL_Driver\Src\stm32f3xx_hal.o
                0x08000218                HAL_IncTick
 .text.HAL_GetTick
                0x08000228        0xc Drivers\STM32F3xx_HAL_Driver\Src\stm32f3xx_hal.o
                0x08000228                HAL_GetTick
 .text.ADC_Disable
                0x08000234       0x88 Drivers\STM32F3xx_HAL_Driver\Src\stm32f3xx_hal_adc_ex.o
 .text.ADC_Enable
                0x080002bc       0x84 Drivers\STM32F3xx_HAL_Driver\Src\stm32f3xx_hal_adc_ex.o
 .text.HAL_ADC_Init
                0x08000340      0x21c Drivers\STM32F3xx_HAL_Driver\Src\stm32f3xx_hal_adc_ex.o
                0x08000340                HAL_ADC_Init
 .text.HAL_ADC_Start
                0x0800055c      0x104 Drivers\STM32F3xx_HAL_Driver\Src\stm32f3xx_hal_adc_ex.o
                0x0800055c                HAL_ADC_Start
 .text.HAL_ADC_GetValue
                0x08000660        0x6 Drivers\STM32F3xx_HAL_Driver\Src\stm32f3xx_hal_adc_ex.o
                0x08000660                HAL_ADC_GetValue
 *fill*         0x08000666        0x2 
 .text.HAL_ADC_ConfigChannel
                0x08000668      0x384 Drivers\STM32F3xx_HAL_Driver\Src\stm32f3xx_hal_adc_ex.o
                0x08000668                HAL_ADC_ConfigChannel
 .text.HAL_ADCEx_MultiModeConfigChannel
                0x080009ec      0x13c Drivers\STM32F3xx_HAL_Driver\Src\stm32f3xx_hal_adc_ex.o
                0x080009ec                HAL_ADCEx_MultiModeConfigChannel
 .text.HAL_NVIC_SetPriorityGrouping
                0x08000b28       0x24 Drivers\STM32F3xx_HAL_Driver\Src\stm32f3xx_hal_cortex.o
                0x08000b28                HAL_NVIC_SetPriorityGrouping
 .text.HAL_NVIC_SetPriority
                0x08000b4c       0x64 Drivers\STM32F3xx_HAL_Driver\Src\stm32f3xx_hal_cortex.o
                0x08000b4c                HAL_NVIC_SetPriority
 .text.HAL_NVIC_EnableIRQ
                0x08000bb0       0x18 Drivers\STM32F3xx_HAL_Driver\Src\stm32f3xx_hal_cortex.o
                0x08000bb0                HAL_NVIC_EnableIRQ
 .text.HAL_SYSTICK_Config
                0x08000bc8       0x2c Drivers\STM32F3xx_HAL_Driver\Src\stm32f3xx_hal_cortex.o
                0x08000bc8                HAL_SYSTICK_Config
 .text.HAL_SYSTICK_CLKSourceConfig
                0x08000bf4       0x20 Drivers\STM32F3xx_HAL_Driver\Src\stm32f3xx_hal_cortex.o
                0x08000bf4                HAL_SYSTICK_CLKSourceConfig
 .text.HAL_SYSTICK_Callback
                0x08000c14        0x2 Drivers\STM32F3xx_HAL_Driver\Src\stm32f3xx_hal_cortex.o
                0x08000c14                HAL_SYSTICK_Callback
 .text.HAL_SYSTICK_IRQHandler
                0x08000c16        0x8 Drivers\STM32F3xx_HAL_Driver\Src\stm32f3xx_hal_cortex.o
                0x08000c16                HAL_SYSTICK_IRQHandler
 .text.HAL_DMA_Abort_IT
                0x08000c1e       0x4a Drivers\STM32F3xx_HAL_Driver\Src\stm32f3xx_hal_dma.o
                0x08000c1e                HAL_DMA_Abort_IT
 .text.HAL_GPIO_Init
                0x08000c68      0x194 Drivers\STM32F3xx_HAL_Driver\Src\stm32f3xx_hal_gpio.o
                0x08000c68                HAL_GPIO_Init
 .text.HAL_GPIO_WritePin
                0x08000dfc        0xa Drivers\STM32F3xx_HAL_Driver\Src\stm32f3xx_hal_gpio.o
                0x08000dfc                HAL_GPIO_WritePin
 *fill*         0x08000e06        0x2 
 .text.HAL_GPIO_EXTI_IRQHandler
                0x08000e08       0x1c Drivers\STM32F3xx_HAL_Driver\Src\stm32f3xx_hal_gpio.o
                0x08000e08                HAL_GPIO_EXTI_IRQHandler
 .text.I2C_Flush_TXDR
                0x08000e24       0x22 Drivers\STM32F3xx_HAL_Driver\Src\stm32f3xx_hal_i2c.o
 .text.I2C_Disable_IRQ
                0x08000e46       0x7e Drivers\STM32F3xx_HAL_Driver\Src\stm32f3xx_hal_i2c.o
 .text.HAL_I2C_Init
                0x08000ec4       0xbc Drivers\STM32F3xx_HAL_Driver\Src\stm32f3xx_hal_i2c.o
                0x08000ec4                HAL_I2C_Init
 .text.HAL_I2C_EV_IRQHandler
                0x08000f80       0x10 Drivers\STM32F3xx_HAL_Driver\Src\stm32f3xx_hal_i2c.o
                0x08000f80                HAL_I2C_EV_IRQHandler
 .text.HAL_I2C_SlaveTxCpltCallback
                0x08000f90        0x2 Drivers\STM32F3xx_HAL_Driver\Src\stm32f3xx_hal_i2c.o
                0x08000f90                HAL_I2C_SlaveTxCpltCallback
 .text.HAL_I2C_SlaveRxCpltCallback
                0x08000f92        0x2 Drivers\STM32F3xx_HAL_Driver\Src\stm32f3xx_hal_i2c.o
                0x08000f92                HAL_I2C_SlaveRxCpltCallback
 .text.I2C_ITSlaveSequentialCplt
                0x08000f94       0x5c Drivers\STM32F3xx_HAL_Driver\Src\stm32f3xx_hal_i2c.o
 .text.HAL_I2C_AddrCallback
                0x08000ff0        0x2 Drivers\STM32F3xx_HAL_Driver\Src\stm32f3xx_hal_i2c.o
                0x08000ff0                HAL_I2C_AddrCallback
 .text.I2C_ITAddrCplt
                0x08000ff2       0x9c Drivers\STM32F3xx_HAL_Driver\Src\stm32f3xx_hal_i2c.o
 .text.HAL_I2C_ListenCpltCallback
                0x0800108e        0x2 Drivers\STM32F3xx_HAL_Driver\Src\stm32f3xx_hal_i2c.o
                0x0800108e                HAL_I2C_ListenCpltCallback
 .text.I2C_ITListenCplt
                0x08001090       0x64 Drivers\STM32F3xx_HAL_Driver\Src\stm32f3xx_hal_i2c.o
 .text.HAL_I2C_ErrorCallback
                0x080010f4        0x2 Drivers\STM32F3xx_HAL_Driver\Src\stm32f3xx_hal_i2c.o
                0x080010f4                HAL_I2C_ErrorCallback
 .text.HAL_I2C_AbortCpltCallback
                0x080010f6        0x2 Drivers\STM32F3xx_HAL_Driver\Src\stm32f3xx_hal_i2c.o
                0x080010f6                HAL_I2C_AbortCpltCallback
 .text.I2C_ITError
                0x080010f8      0x100 Drivers\STM32F3xx_HAL_Driver\Src\stm32f3xx_hal_i2c.o
 .text.I2C_ITSlaveCplt
                0x080011f8      0x128 Drivers\STM32F3xx_HAL_Driver\Src\stm32f3xx_hal_i2c.o
 .text.I2C_Slave_ISR_IT
                0x08001320      0x14e Drivers\STM32F3xx_HAL_Driver\Src\stm32f3xx_hal_i2c.o
 .text.HAL_I2C_ER_IRQHandler
                0x0800146e       0x6c Drivers\STM32F3xx_HAL_Driver\Src\stm32f3xx_hal_i2c.o
                0x0800146e                HAL_I2C_ER_IRQHandler
 .text.I2C_DMAAbort
                0x080014da       0x34 Drivers\STM32F3xx_HAL_Driver\Src\stm32f3xx_hal_i2c.o
 .text.HAL_I2CEx_ConfigAnalogFilter
                0x0800150e       0x5c Drivers\STM32F3xx_HAL_Driver\Src\stm32f3xx_hal_i2c_ex.o
                0x0800150e                HAL_I2CEx_ConfigAnalogFilter
 .text.HAL_I2CEx_ConfigDigitalFilter
                0x0800156a       0x58 Drivers\STM32F3xx_HAL_Driver\Src\stm32f3xx_hal_i2c_ex.o
                0x0800156a                HAL_I2CEx_ConfigDigitalFilter
 *fill*         0x080015c2        0x2 
 .text.HAL_RCC_OscConfig
                0x080015c4      0x60c Drivers\STM32F3xx_HAL_Driver\Src\stm32f3xx_hal_rcc.o
                0x080015c4                HAL_RCC_OscConfig
 .text.HAL_RCC_GetSysClockFreq
                0x08001bd0       0x70 Drivers\STM32F3xx_HAL_Driver\Src\stm32f3xx_hal_rcc.o
                0x08001bd0                HAL_RCC_GetSysClockFreq
 .text.HAL_RCC_ClockConfig
                0x08001c40      0x1d4 Drivers\STM32F3xx_HAL_Driver\Src\stm32f3xx_hal_rcc.o
                0x08001c40                HAL_RCC_ClockConfig
 .text.HAL_RCC_GetHCLKFreq
                0x08001e14        0xc Drivers\STM32F3xx_HAL_Driver\Src\stm32f3xx_hal_rcc.o
                0x08001e14                HAL_RCC_GetHCLKFreq
 .text.HAL_RCC_GetPCLK1Freq
                0x08001e20       0x2c Drivers\STM32F3xx_HAL_Driver\Src\stm32f3xx_hal_rcc.o
                0x08001e20                HAL_RCC_GetPCLK1Freq
 .text.HAL_RCC_GetPCLK2Freq
                0x08001e4c       0x2c Drivers\STM32F3xx_HAL_Driver\Src\stm32f3xx_hal_rcc.o
                0x08001e4c                HAL_RCC_GetPCLK2Freq
 .text.HAL_RCCEx_PeriphCLKConfig
                0x08001e78      0x1ac Drivers\STM32F3xx_HAL_Driver\Src\stm32f3xx_hal_rcc_ex.o
                0x08001e78                HAL_RCCEx_PeriphCLKConfig
 .text.HAL_RTC_WaitForSynchro
                0x08002024       0x32 Drivers\STM32F3xx_HAL_Driver\Src\stm32f3xx_hal_rtc.o
                0x08002024                HAL_RTC_WaitForSynchro
 .text.RTC_EnterInitMode
                0x08002056       0x3c Drivers\STM32F3xx_HAL_Driver\Src\stm32f3xx_hal_rtc.o
                0x08002056                RTC_EnterInitMode
 .text.HAL_RTC_Init
                0x08002092       0xc4 Drivers\STM32F3xx_HAL_Driver\Src\stm32f3xx_hal_rtc.o
                0x08002092                HAL_RTC_Init
 .text.RTC_ByteToBcd2
                0x08002156       0x16 Drivers\STM32F3xx_HAL_Driver\Src\stm32f3xx_hal_rtc.o
                0x08002156                RTC_ByteToBcd2
 .text.HAL_RTC_SetTime
                0x0800216c       0xfe Drivers\STM32F3xx_HAL_Driver\Src\stm32f3xx_hal_rtc.o
                0x0800216c                HAL_RTC_SetTime
 .text.HAL_RTC_SetDate
                0x0800226a       0xda Drivers\STM32F3xx_HAL_Driver\Src\stm32f3xx_hal_rtc.o
                0x0800226a                HAL_RTC_SetDate
 .text.RTC_Bcd2ToByte
                0x08002344       0x12 Drivers\STM32F3xx_HAL_Driver\Src\stm32f3xx_hal_rtc.o
                0x08002344                RTC_Bcd2ToByte
 .text.HAL_RTC_GetTime
                0x08002356       0x56 Drivers\STM32F3xx_HAL_Driver\Src\stm32f3xx_hal_rtc.o
                0x08002356                HAL_RTC_GetTime
 .text.HAL_RTC_GetDate
                0x080023ac       0x42 Drivers\STM32F3xx_HAL_Driver\Src\stm32f3xx_hal_rtc.o
                0x080023ac                HAL_RTC_GetDate
 *fill*         0x080023ee        0x2 
 .text.HAL_RTCEx_SetWakeUpTimer_IT
                0x080023f0       0xec Drivers\STM32F3xx_HAL_Driver\Src\stm32f3xx_hal_rtc_ex.o
                0x080023f0                HAL_RTCEx_SetWakeUpTimer_IT
 .text.HAL_RTCEx_WakeUpTimerIRQHandler
                0x080024dc       0x34 Drivers\STM32F3xx_HAL_Driver\Src\stm32f3xx_hal_rtc_ex.o
                0x080024dc                HAL_RTCEx_WakeUpTimerIRQHandler
 .text.HAL_RTCEx_BKUPWrite
                0x08002510        0xa Drivers\STM32F3xx_HAL_Driver\Src\stm32f3xx_hal_rtc_ex.o
                0x08002510                HAL_RTCEx_BKUPWrite
 .text.HAL_RTCEx_BKUPRead
                0x0800251a        0xa Drivers\STM32F3xx_HAL_Driver\Src\stm32f3xx_hal_rtc_ex.o
                0x0800251a                HAL_RTCEx_BKUPRead
 .text.TIM_TI1_ConfigInputStage
                0x08002524       0x26 Drivers\STM32F3xx_HAL_Driver\Src\stm32f3xx_hal_tim.o
 .text.TIM_TI2_ConfigInputStage
                0x0800254a       0x28 Drivers\STM32F3xx_HAL_Driver\Src\stm32f3xx_hal_tim.o
 .text.TIM_ITRx_SetConfig
                0x08002572       0x10 Drivers\STM32F3xx_HAL_Driver\Src\stm32f3xx_hal_tim.o
 .text.HAL_TIM_OC_DelayElapsedCallback
                0x08002582        0x2 Drivers\STM32F3xx_HAL_Driver\Src\stm32f3xx_hal_tim.o
                0x08002582                HAL_TIM_OC_DelayElapsedCallback
 .text.HAL_TIM_IC_CaptureCallback
                0x08002584        0x2 Drivers\STM32F3xx_HAL_Driver\Src\stm32f3xx_hal_tim.o
                0x08002584                HAL_TIM_IC_CaptureCallback
 .text.HAL_TIM_PWM_PulseFinishedCallback
                0x08002586        0x2 Drivers\STM32F3xx_HAL_Driver\Src\stm32f3xx_hal_tim.o
                0x08002586                HAL_TIM_PWM_PulseFinishedCallback
 .text.HAL_TIM_TriggerCallback
                0x08002588        0x2 Drivers\STM32F3xx_HAL_Driver\Src\stm32f3xx_hal_tim.o
                0x08002588                HAL_TIM_TriggerCallback
 .text.HAL_TIM_IRQHandler
                0x0800258a      0x19a Drivers\STM32F3xx_HAL_Driver\Src\stm32f3xx_hal_tim.o
                0x0800258a                HAL_TIM_IRQHandler
 .text.TIM_Base_SetConfig
                0x08002724       0x94 Drivers\STM32F3xx_HAL_Driver\Src\stm32f3xx_hal_tim.o
                0x08002724                TIM_Base_SetConfig
 .text.HAL_TIM_Base_Init
                0x080027b8       0x32 Drivers\STM32F3xx_HAL_Driver\Src\stm32f3xx_hal_tim.o
                0x080027b8                HAL_TIM_Base_Init
 .text.TIM_ETR_SetConfig
                0x080027ea       0x18 Drivers\STM32F3xx_HAL_Driver\Src\stm32f3xx_hal_tim.o
                0x080027ea                TIM_ETR_SetConfig
 *fill*         0x08002802        0x2 
 .text.HAL_TIM_ConfigClockSource
                0x08002804      0x118 Drivers\STM32F3xx_HAL_Driver\Src\stm32f3xx_hal_tim.o
                0x08002804                HAL_TIM_ConfigClockSource
 .text.HAL_TIMEx_MasterConfigSynchronization
                0x0800291c       0x50 Drivers\STM32F3xx_HAL_Driver\Src\stm32f3xx_hal_tim_ex.o
                0x0800291c                HAL_TIMEx_MasterConfigSynchronization
 .text.HAL_TIMEx_CommutationCallback
                0x0800296c        0x2 Drivers\STM32F3xx_HAL_Driver\Src\stm32f3xx_hal_tim_ex.o
                0x0800296c                HAL_TIMEx_CommutationCallback
 .text.HAL_TIMEx_BreakCallback
                0x0800296e        0x2 Drivers\STM32F3xx_HAL_Driver\Src\stm32f3xx_hal_tim_ex.o
                0x0800296e                HAL_TIMEx_BreakCallback
 .text.HAL_TIMEx_Break2Callback
                0x08002970        0x2 Drivers\STM32F3xx_HAL_Driver\Src\stm32f3xx_hal_tim_ex.o
                0x08002970                HAL_TIMEx_Break2Callback
 .text.UART_EndRxTransfer
                0x08002972       0x1c Drivers\STM32F3xx_HAL_Driver\Src\stm32f3xx_hal_uart.o
 .text.HAL_UART_Receive_IT
                0x0800298e       0xae Drivers\STM32F3xx_HAL_Driver\Src\stm32f3xx_hal_uart.o
                0x0800298e                HAL_UART_Receive_IT
 .text.HAL_UART_TxCpltCallback
                0x08002a3c        0x2 Drivers\STM32F3xx_HAL_Driver\Src\stm32f3xx_hal_uart.o
                0x08002a3c                HAL_UART_TxCpltCallback
 .text.HAL_UART_ErrorCallback
                0x08002a3e        0x2 Drivers\STM32F3xx_HAL_Driver\Src\stm32f3xx_hal_uart.o
                0x08002a3e                HAL_UART_ErrorCallback
 .text.UART_DMAAbortOnError
                0x08002a40       0x14 Drivers\STM32F3xx_HAL_Driver\Src\stm32f3xx_hal_uart.o
 .text.UART_SetConfig
                0x08002a54      0x1b4 Drivers\STM32F3xx_HAL_Driver\Src\stm32f3xx_hal_uart.o
                0x08002a54                UART_SetConfig
 .text.UART_AdvFeatureConfig
                0x08002c08       0xca Drivers\STM32F3xx_HAL_Driver\Src\stm32f3xx_hal_uart.o
                0x08002c08                UART_AdvFeatureConfig
 .text.UART_WaitOnFlagUntilTimeout
                0x08002cd2       0x64 Drivers\STM32F3xx_HAL_Driver\Src\stm32f3xx_hal_uart.o
                0x08002cd2                UART_WaitOnFlagUntilTimeout
 .text.HAL_UART_Transmit
                0x08002d36       0xd0 Drivers\STM32F3xx_HAL_Driver\Src\stm32f3xx_hal_uart.o
                0x08002d36                HAL_UART_Transmit
 .text.UART_CheckIdleState
                0x08002e06       0x70 Drivers\STM32F3xx_HAL_Driver\Src\stm32f3xx_hal_uart.o
                0x08002e06                UART_CheckIdleState
 .text.HAL_UART_Init
                0x08002e76       0x68 Drivers\STM32F3xx_HAL_Driver\Src\stm32f3xx_hal_uart.o
                0x08002e76                HAL_UART_Init
 .text.UART_Transmit_IT
                0x08002ede       0x6e Drivers\STM32F3xx_HAL_Driver\Src\stm32f3xx_hal_uart.o
                0x08002ede                UART_Transmit_IT
 .text.UART_EndTransmit_IT
                0x08002f4c       0x1a Drivers\STM32F3xx_HAL_Driver\Src\stm32f3xx_hal_uart.o
                0x08002f4c                UART_EndTransmit_IT
 .text.UART_Receive_IT
                0x08002f66       0x82 Drivers\STM32F3xx_HAL_Driver\Src\stm32f3xx_hal_uart.o
                0x08002f66                UART_Receive_IT
 .text.HAL_UART_IRQHandler
                0x08002fe8      0x15c Drivers\STM32F3xx_HAL_Driver\Src\stm32f3xx_hal_uart.o
                0x08002fe8                HAL_UART_IRQHandler
 .text.HAL_UARTEx_WakeupCallback
                0x08003144        0x2 Drivers\STM32F3xx_HAL_Driver\Src\stm32f3xx_hal_uart_ex.o
                0x08003144                HAL_UARTEx_WakeupCallback
 *fill*         0x08003146        0x2 
 .text.MX_GPIO_Init
                0x08003148      0x174 Src\main.o
 .text._Error_Handler
                0x080032bc        0x2 Src\main.o
                0x080032bc                _Error_Handler
 *fill*         0x080032be        0x2 
 .text.MX_USART1_UART_Init
                0x080032c0       0x40 Src\main.o
 .text.MX_ADC1_Init
                0x08003300       0x84 Src\main.o
 .text.MX_TIM2_Init
                0x08003384       0x74 Src\main.o
 .text.MX_RTC_Init
                0x080033f8       0xc0 Src\main.o
 .text.MX_I2C1_Init
                0x080034b8       0x68 Src\main.o
 .text.SystemClock_Config
                0x08003520       0xb0 Src\main.o
                0x08003520                SystemClock_Config
 .text.main     0x080035d0       0x2c Src\main.o
                0x080035d0                main
 .text.HAL_MspInit
                0x080035fc       0x7c Src\stm32f3xx_hal_msp.o
                0x080035fc                HAL_MspInit
 .text.HAL_ADC_MspInit
                0x08003678       0x5c Src\stm32f3xx_hal_msp.o
                0x08003678                HAL_ADC_MspInit
 .text.HAL_I2C_MspInit
                0x080036d4       0x8c Src\stm32f3xx_hal_msp.o
                0x080036d4                HAL_I2C_MspInit
 .text.HAL_RTC_MspInit
                0x08003760       0x3c Src\stm32f3xx_hal_msp.o
                0x08003760                HAL_RTC_MspInit
 .text.HAL_TIM_Base_MspInit
                0x0800379c       0x3a Src\stm32f3xx_hal_msp.o
                0x0800379c                HAL_TIM_Base_MspInit
 *fill*         0x080037d6        0x2 
 .text.HAL_UART_MspInit
                0x080037d8       0x60 Src\stm32f3xx_hal_msp.o
                0x080037d8                HAL_UART_MspInit
 .text.SysTick_Handler
                0x08003838        0xc Src\stm32f3xx_it.o
                0x08003838                SysTick_Handler
 .text.RTC_WKUP_IRQHandler
                0x08003844       0x10 Src\stm32f3xx_it.o
                0x08003844                RTC_WKUP_IRQHandler
 .text.TIM2_IRQHandler
                0x08003854       0x10 Src\stm32f3xx_it.o
                0x08003854                TIM2_IRQHandler
 .text.I2C1_EV_IRQHandler
                0x08003864       0x18 Src\stm32f3xx_it.o
                0x08003864                I2C1_EV_IRQHandler
 .text.I2C1_ER_IRQHandler
                0x0800387c       0x18 Src\stm32f3xx_it.o
                0x0800387c                I2C1_ER_IRQHandler
 .text.USART1_IRQHandler
                0x08003894       0x10 Src\stm32f3xx_it.o
                0x08003894                USART1_IRQHandler
 .text.EXTI15_10_IRQHandler
                0x080038a4       0x14 Src\stm32f3xx_it.o
                0x080038a4                EXTI15_10_IRQHandler
 .text.SystemInit
                0x080038b8       0x68 Src\system_stm32f3xx.o
                0x080038b8                SystemInit
 .text.UserInitialise
                0x08003920       0xe8 Src\user.o
                0x08003920                UserInitialise
 .text.TempConv
                0x08003a08       0x20 Src\user.o
                0x08003a08                TempConv
 .text.switchHeater
                0x08003a28       0x1c Src\user.o
                0x08003a28                switchHeater
 .text.switchValve
                0x08003a44       0x1c Src\user.o
                0x08003a44                switchValve
 .text.StringTime2Int
                0x08003a60       0x58 Src\user.o
                0x08003a60                StringTime2Int
 .text.String2Int
                0x08003ab8       0x5e Src\user.o
                0x08003ab8                String2Int
 *fill*         0x08003b16        0x2 
 .text.Int2String
                0x08003b18       0xa0 Src\user.o
                0x08003b18                Int2String
 .text.DecodeCmd
                0x08003bb8      0x6cc Src\user.o
                0x08003bb8                DecodeCmd
 .text.writeToPins
                0x08004284      0x24c Src\user.o
                0x08004284                writeToPins
 .text.User     0x080044d0      0x26c Src\user.o
                0x080044d0                User
 .text.HAL_UART_RxCpltCallback
                0x0800473c        0xc Src\user.o
                0x0800473c                HAL_UART_RxCpltCallback
 .text.HAL_TIM_PeriodElapsedCallback
                0x08004748       0x18 Src\user.o
                0x08004748                HAL_TIM_PeriodElapsedCallback
 .text.HAL_GPIO_EXTI_Callback
                0x08004760       0x14 Src\user.o
                0x08004760                HAL_GPIO_EXTI_Callback
 .text.HAL_RTCEx_WakeUpTimerEventCallback
                0x08004774        0xc Src\user.o
                0x08004774                HAL_RTCEx_WakeUpTimerEventCallback
 .text.Reset_Handler
                0x08004780       0x50 startup\startup_stm32f334x8.o
                0x08004780                Reset_Handler
 .text.Default_Handler
                0x080047d0        0x2 startup\startup_stm32f334x8.o
                0x080047d0                RTC_Alarm_IRQHandler
                0x080047d0                HRTIM1_Master_IRQHandler
                0x080047d0                DebugMon_Handler
                0x080047d0                TIM1_CC_IRQHandler
                0x080047d0                HardFault_Handler
                0x080047d0                HRTIM1_FLT_IRQHandler
                0x080047d0                PVD_IRQHandler
                0x080047d0                HRTIM1_TIMD_IRQHandler
                0x080047d0                TAMP_STAMP_IRQHandler
                0x080047d0                PendSV_Handler
                0x080047d0                NMI_Handler
                0x080047d0                EXTI3_IRQHandler
                0x080047d0                EXTI0_IRQHandler
                0x080047d0                FPU_IRQHandler
                0x080047d0                CAN_TX_IRQHandler
                0x080047d0                TIM1_UP_TIM16_IRQHandler
                0x080047d0                UsageFault_Handler
                0x080047d0                ADC1_2_IRQHandler
                0x080047d0                HRTIM1_TIME_IRQHandler
                0x080047d0                SPI1_IRQHandler
                0x080047d0                CAN_SCE_IRQHandler
                0x080047d0                HRTIM1_TIMC_IRQHandler
                0x080047d0                DMA1_Channel4_IRQHandler
                0x080047d0                USART3_IRQHandler
                0x080047d0                DMA1_Channel7_IRQHandler
                0x080047d0                TIM7_DAC2_IRQHandler
                0x080047d0                CAN_RX1_IRQHandler
                0x080047d0                DMA1_Channel6_IRQHandler
                0x080047d0                TIM3_IRQHandler
                0x080047d0                RCC_IRQHandler
                0x080047d0                DMA1_Channel1_IRQHandler
                0x080047d0                Default_Handler
                0x080047d0                COMP2_IRQHandler
                0x080047d0                HRTIM1_TIMA_IRQHandler
                0x080047d0                TIM6_DAC1_IRQHandler
                0x080047d0                EXTI9_5_IRQHandler
                0x080047d0                MemManage_Handler
                0x080047d0                SVC_Handler
                0x080047d0                DMA1_Channel5_IRQHandler
                0x080047d0                EXTI4_IRQHandler
                0x080047d0                HRTIM1_TIMB_IRQHandler
                0x080047d0                TIM1_TRG_COM_TIM17_IRQHandler
                0x080047d0                DMA1_Channel3_IRQHandler
                0x080047d0                WWDG_IRQHandler
                0x080047d0                EXTI1_IRQHandler
                0x080047d0                COMP4_6_IRQHandler
                0x080047d0                USART2_IRQHandler
                0x080047d0                DMA1_Channel2_IRQHandler
                0x080047d0                FLASH_IRQHandler
                0x080047d0                BusFault_Handler
                0x080047d0                CAN_RX0_IRQHandler
                0x080047d0                EXTI2_TSC_IRQHandler
                0x080047d0                TIM1_BRK_TIM15_IRQHandler
 *fill*         0x080047d2        0x2 
 .text.__libc_init_array
                0x080047d4       0x48 c:/program files (x86)/atollic/truestudio for arm 8.0.0/armtools/bin/../lib/gcc/arm-atollic-eabi/6.3.1/../../../../arm-atollic-eabi/lib/armv7e-m/fpu\libc_nano.a(lib_a-init.o)
                0x080047d4                __libc_init_array
 *(.glue_7)
 .glue_7        0x0800481c        0x0 linker stubs
 *(.glue_7t)
 .glue_7t       0x0800481c        0x0 linker stubs
 *(.eh_frame)
 .eh_frame      0x0800481c        0x0 c:/program files (x86)/atollic/truestudio for arm 8.0.0/armtools/bin/../lib/gcc/arm-atollic-eabi/6.3.1/armv7e-m/fpu/crtbegin.o
 *(.init)
 .init          0x0800481c        0x4 c:/program files (x86)/atollic/truestudio for arm 8.0.0/armtools/bin/../lib/gcc/arm-atollic-eabi/6.3.1/armv7e-m/fpu/crti.o
                0x0800481c                _init
 .init          0x08004820        0x8 c:/program files (x86)/atollic/truestudio for arm 8.0.0/armtools/bin/../lib/gcc/arm-atollic-eabi/6.3.1/armv7e-m/fpu/crtn.o
 *(.fini)
 .fini          0x08004828        0x4 c:/program files (x86)/atollic/truestudio for arm 8.0.0/armtools/bin/../lib/gcc/arm-atollic-eabi/6.3.1/armv7e-m/fpu/crti.o
                0x08004828                _fini
 .fini          0x0800482c        0x8 c:/program files (x86)/atollic/truestudio for arm 8.0.0/armtools/bin/../lib/gcc/arm-atollic-eabi/6.3.1/armv7e-m/fpu/crtn.o
                0x08004834                . = ALIGN (0x4)
                0x08004834                _etext = .

.vfp11_veneer   0x08004834        0x0
 .vfp11_veneer  0x08004834        0x0 linker stubs

.v4_bx          0x08004834        0x0
 .v4_bx         0x08004834        0x0 linker stubs

.iplt           0x08004834        0x0
 .iplt          0x08004834        0x0 c:/program files (x86)/atollic/truestudio for arm 8.0.0/armtools/bin/../lib/gcc/arm-atollic-eabi/6.3.1/armv7e-m/fpu/crtbegin.o

.rodata         0x08004834       0x58
                0x08004834                . = ALIGN (0x4)
 *(.rodata)
 *(.rodata*)
 .rodata.aPLLMULFactorTable
                0x08004834       0x10 Drivers\STM32F3xx_HAL_Driver\Src\stm32f3xx_hal_rcc.o
                0x08004834                aPLLMULFactorTable
 .rodata.aPredivFactorTable
                0x08004844       0x10 Drivers\STM32F3xx_HAL_Driver\Src\stm32f3xx_hal_rcc.o
                0x08004844                aPredivFactorTable
 .rodata.MX_USART1_UART_Init.str1.4
                0x08004854        0xe Src\main.o
 *fill*         0x08004862        0x2 
 .rodata.AHBPrescTable
                0x08004864       0x10 Src\system_stm32f3xx.o
                0x08004864                AHBPrescTable
 .rodata.APBPrescTable
                0x08004874        0x8 Src\system_stm32f3xx.o
                0x08004874                APBPrescTable
 .rodata.str1.4
                0x0800487c       0x10 Src\user.o
                                  0xe (size before relaxing)
                0x0800488c                . = ALIGN (0x4)

.rel.dyn        0x0800488c        0x0
 .rel.iplt      0x0800488c        0x0 c:/program files (x86)/atollic/truestudio for arm 8.0.0/armtools/bin/../lib/gcc/arm-atollic-eabi/6.3.1/armv7e-m/fpu/crtbegin.o

.ARM.extab
 *(.ARM.extab* .gnu.linkonce.armextab.*)

.ARM            0x0800488c        0x0
                0x0800488c                __exidx_start = .
 *(.ARM.exidx*)
                0x0800488c                __exidx_end = .

.preinit_array  0x0800488c        0x0
                0x0800488c                PROVIDE (__preinit_array_start, .)
 *(.preinit_array*)
                0x0800488c                PROVIDE (__preinit_array_end, .)

.init_array     0x0800488c        0x4
                0x0800488c                PROVIDE (__init_array_start, .)
 *(SORT(.init_array.*))
 *(.init_array*)
 .init_array    0x0800488c        0x4 c:/program files (x86)/atollic/truestudio for arm 8.0.0/armtools/bin/../lib/gcc/arm-atollic-eabi/6.3.1/armv7e-m/fpu/crtbegin.o
                0x08004890                PROVIDE (__init_array_end, .)

.fini_array     0x08004890        0x4
                [!provide]                PROVIDE (__fini_array_start, .)
 *(SORT(.fini_array.*))
 *(.fini_array*)
 .fini_array    0x08004890        0x4 c:/program files (x86)/atollic/truestudio for arm 8.0.0/armtools/bin/../lib/gcc/arm-atollic-eabi/6.3.1/armv7e-m/fpu/crtbegin.o
                [!provide]                PROVIDE (__fini_array_end, .)
                0x08004894                _sidata = LOADADDR (.data)

.data           0x20000000        0x8 load address 0x08004894
                0x20000000                . = ALIGN (0x4)
                0x20000000                _sdata = .
 *(.data)
 *(.data*)
 .data.SystemCoreClock
                0x20000000        0x4 Src\system_stm32f3xx.o
                0x20000000                SystemCoreClock
 .data.txStudentNo
                0x20000004        0x4 Src\user.o
                0x20000004                txStudentNo
                0x20000008                . = ALIGN (0x4)
                0x20000008                _edata = .
                0x0800489c                _siccmram = LOADADDR (.ccmram)

.igot.plt       0x20000008        0x0 load address 0x0800489c
 .igot.plt      0x20000008        0x0 c:/program files (x86)/atollic/truestudio for arm 8.0.0/armtools/bin/../lib/gcc/arm-atollic-eabi/6.3.1/armv7e-m/fpu/crtbegin.o

.ccmram         0x10000000        0x0 load address 0x0800489c
                0x10000000                . = ALIGN (0x4)
                0x10000000                _sccmram = .
 *(.ccmram)
 *(.ccmram*)
                0x10000000                . = ALIGN (0x4)
                0x10000000                _eccmram = .
                0x10000000                . = ALIGN (0x4)

.bss            0x20000008      0x3fc
                0x20000008                _sbss = .
                0x20000008                __bss_start__ = _sbss
 *(.bss)
 .bss           0x20000008       0x1c c:/program files (x86)/atollic/truestudio for arm 8.0.0/armtools/bin/../lib/gcc/arm-atollic-eabi/6.3.1/armv7e-m/fpu/crtbegin.o
 *(.bss*)
 .bss.g_length  0x20000024        0x1 Src\user.o
                0x20000024                g_length
 *fill*         0x20000025        0x3 
 .bss.i         0x20000028        0x4 Src\user.o
                0x20000028                i
 .bss.in        0x2000002c        0x1 Src\user.o
                0x2000002c                in
 *fill*         0x2000002d        0x3 
 .bss.j         0x20000030        0x4 Src\user.o
                0x20000030                j
 *(COMMON)
 COMMON         0x20000034        0x4 Drivers\STM32F3xx_HAL_Driver\Src\stm32f3xx_hal.o
                0x20000034                uwTick
 COMMON         0x20000038      0x170 Src\main.o
                0x20000038                hi2c1
                0x20000084                hadc1
                0x200000d8                huart1
                0x20000148                hrtc
                0x20000168                htim2
 COMMON         0x200001a8        0x3 Src\stm32f3xx_it.o
                0x200001a8                i2cErFlag
                0x200001a9                rtcSecFlag
                0x200001aa                i2cTxFlag
 *fill*         0x200001ab        0x1 
 COMMON         0x200001ac      0x255 Src\user.o
                0x200001ac                digit
                0x200001ad                timeL
                0x200001ae                YYYY_get
                0x200001b0                ambientT
                0x200001b4                numberMap
                0x200001be                DD_get
                0x200001c0                offTime
                0x200001fc                my_counter
                0x200001fd                MM_set
                0x20000200                vrms_avg
                0x20000204                ss_set
                0x20000205                ms5Flag
                0x20000206                halStatus
                0x20000208                getDate
                0x2000020c                HH_on
                0x2000020d                HH_set
                0x2000020e                firstHighFlag
                0x20000210                segements
                0x20000214                getTimeLive
                0x20000228                samplectr
                0x2000022c                lasttick
                0x20000230                pData
                0x20000234                onTime
                0x20000270                txBuf
                0x200002a4                vsample
                0x200002f4                irms_avg
                0x200002f8                tempSetpoint
                0x200002fa                DD_set
                0x200002fc                setDate
                0x20000300                uartRxChar
                0x20000301                ss_off
                0x20000302                mm_on
                0x20000304                setTime
                0x20000318                isample
                0x20000368                buffer
                0x2000036c                irms
                0x20000370                HH_get
                0x20000372                heaterState
                0x20000374                cmdBuf
                0x200003a6                adcchan
                0x200003a7                ms5Counter
                0x200003a8                pinsValue
                0x200003ac                YYYY_set
                0x200003ad                HH_off
                0x200003b0                getTime
                0x200003c4                mm_set
                0x200003c8                tempF
                0x200003cb                flowPulse
                0x200003cc                ss_get
                0x200003cd                mm_off
                0x200003ce                valveState
                0x200003d0                vrms_accum
                0x200003d4                flowHighFlag
                0x200003d8                flowCounter
                0x200003dc                uartRxFlag
                0x200003e0                irms_accum
                0x200003e4                vrms
                0x200003e8                heatingWindow
                0x200003ea                mm_get
                0x200003ec                totalFlow
                0x200003f0                waterT
                0x200003f4                ss_on
                0x200003f6                cmdBufPos
                0x200003f8                adcFlag
                0x200003fa                scheduleState
                0x200003fc                getDateLive
                0x20000400                MM_get
                0x20000404                . = ALIGN (0x4)
 *fill*         0x20000401        0x3 
                0x20000404                _ebss = .
                0x20000404                __bss_end__ = _ebss

._user_heap_stack
                0x20000404      0x600
                0x20000404                . = ALIGN (0x4)
                [!provide]                PROVIDE (end, .)
                [!provide]                PROVIDE (_end, .)
                0x20000604                . = (. + _Min_Heap_Size)
 *fill*         0x20000404      0x200 
                0x20000a04                . = (. + _Min_Stack_Size)
 *fill*         0x20000604      0x400 
                0x20000a04                . = ALIGN (0x4)

/DISCARD/
 libc.a(*)
 libm.a(*)
 libgcc.a(*)

.ARM.attributes
                0x00000000       0x30
 *(.ARM.attributes)
 .ARM.attributes
                0x00000000       0x22 c:/program files (x86)/atollic/truestudio for arm 8.0.0/armtools/bin/../lib/gcc/arm-atollic-eabi/6.3.1/armv7e-m/fpu/crti.o
 .ARM.attributes
                0x00000022       0x34 c:/program files (x86)/atollic/truestudio for arm 8.0.0/armtools/bin/../lib/gcc/arm-atollic-eabi/6.3.1/armv7e-m/fpu/crtbegin.o
 .ARM.attributes
                0x00000056       0x39 Drivers\STM32F3xx_HAL_Driver\Src\stm32f3xx_hal.o
 .ARM.attributes
                0x0000008f       0x39 Drivers\STM32F3xx_HAL_Driver\Src\stm32f3xx_hal_adc_ex.o
 .ARM.attributes
                0x000000c8       0x39 Drivers\STM32F3xx_HAL_Driver\Src\stm32f3xx_hal_cortex.o
 .ARM.attributes
                0x00000101       0x39 Drivers\STM32F3xx_HAL_Driver\Src\stm32f3xx_hal_dma.o
 .ARM.attributes
                0x0000013a       0x39 Drivers\STM32F3xx_HAL_Driver\Src\stm32f3xx_hal_gpio.o
 .ARM.attributes
                0x00000173       0x39 Drivers\STM32F3xx_HAL_Driver\Src\stm32f3xx_hal_i2c.o
 .ARM.attributes
                0x000001ac       0x39 Drivers\STM32F3xx_HAL_Driver\Src\stm32f3xx_hal_i2c_ex.o
 .ARM.attributes
                0x000001e5       0x39 Drivers\STM32F3xx_HAL_Driver\Src\stm32f3xx_hal_rcc.o
 .ARM.attributes
                0x0000021e       0x39 Drivers\STM32F3xx_HAL_Driver\Src\stm32f3xx_hal_rcc_ex.o
 .ARM.attributes
                0x00000257       0x39 Drivers\STM32F3xx_HAL_Driver\Src\stm32f3xx_hal_rtc.o
 .ARM.attributes
                0x00000290       0x39 Drivers\STM32F3xx_HAL_Driver\Src\stm32f3xx_hal_rtc_ex.o
 .ARM.attributes
                0x000002c9       0x39 Drivers\STM32F3xx_HAL_Driver\Src\stm32f3xx_hal_tim.o
 .ARM.attributes
                0x00000302       0x39 Drivers\STM32F3xx_HAL_Driver\Src\stm32f3xx_hal_tim_ex.o
 .ARM.attributes
                0x0000033b       0x39 Drivers\STM32F3xx_HAL_Driver\Src\stm32f3xx_hal_uart.o
 .ARM.attributes
                0x00000374       0x39 Drivers\STM32F3xx_HAL_Driver\Src\stm32f3xx_hal_uart_ex.o
 .ARM.attributes
                0x000003ad       0x39 Src\main.o
 .ARM.attributes
                0x000003e6       0x39 Src\stm32f3xx_hal_msp.o
 .ARM.attributes
                0x0000041f       0x39 Src\stm32f3xx_it.o
 .ARM.attributes
                0x00000458       0x39 Src\system_stm32f3xx.o
 .ARM.attributes
                0x00000491       0x39 Src\user.o
 .ARM.attributes
                0x000004ca       0x21 startup\startup_stm32f334x8.o
 .ARM.attributes
                0x000004eb       0x34 c:/program files (x86)/atollic/truestudio for arm 8.0.0/armtools/bin/../lib/gcc/arm-atollic-eabi/6.3.1/../../../../arm-atollic-eabi/lib/armv7e-m/fpu\libc_nano.a(lib_a-init.o)
 .ARM.attributes
                0x0000051f       0x22 c:/program files (x86)/atollic/truestudio for arm 8.0.0/armtools/bin/../lib/gcc/arm-atollic-eabi/6.3.1/armv7e-m/fpu/crtn.o
OUTPUT(EDesign.elf elf32-littlearm)

.debug_info     0x00000000    0x231fb
 .debug_info    0x00000000      0xf58 Drivers\STM32F3xx_HAL_Driver\Src\stm32f3xx_hal.o
 .debug_info    0x00000f58     0x22b4 Drivers\STM32F3xx_HAL_Driver\Src\stm32f3xx_hal_adc_ex.o
 .debug_info    0x0000320c     0x149a Drivers\STM32F3xx_HAL_Driver\Src\stm32f3xx_hal_cortex.o
 .debug_info    0x000046a6     0x103d Drivers\STM32F3xx_HAL_Driver\Src\stm32f3xx_hal_dma.o
 .debug_info    0x000056e3      0xf97 Drivers\STM32F3xx_HAL_Driver\Src\stm32f3xx_hal_gpio.o
 .debug_info    0x0000667a     0x399d Drivers\STM32F3xx_HAL_Driver\Src\stm32f3xx_hal_i2c.o
 .debug_info    0x0000a017     0x115a Drivers\STM32F3xx_HAL_Driver\Src\stm32f3xx_hal_i2c_ex.o
 .debug_info    0x0000b171     0x1ba3 Drivers\STM32F3xx_HAL_Driver\Src\stm32f3xx_hal_rcc.o
 .debug_info    0x0000cd14      0xe5e Drivers\STM32F3xx_HAL_Driver\Src\stm32f3xx_hal_rcc_ex.o
 .debug_info    0x0000db72     0x160d Drivers\STM32F3xx_HAL_Driver\Src\stm32f3xx_hal_rtc.o
 .debug_info    0x0000f17f     0x17b7 Drivers\STM32F3xx_HAL_Driver\Src\stm32f3xx_hal_rtc_ex.o
 .debug_info    0x00010936     0x37b1 Drivers\STM32F3xx_HAL_Driver\Src\stm32f3xx_hal_tim.o
 .debug_info    0x000140e7     0x1ea9 Drivers\STM32F3xx_HAL_Driver\Src\stm32f3xx_hal_tim_ex.o
 .debug_info    0x00015f90     0x21d2 Drivers\STM32F3xx_HAL_Driver\Src\stm32f3xx_hal_uart.o
 .debug_info    0x00018162     0x1135 Drivers\STM32F3xx_HAL_Driver\Src\stm32f3xx_hal_uart_ex.o
 .debug_info    0x00019297     0x299c Src\main.o
 .debug_info    0x0001bc33     0x22d7 Src\stm32f3xx_hal_msp.o
 .debug_info    0x0001df0a     0x17ba Src\stm32f3xx_it.o
 .debug_info    0x0001f6c4      0xc24 Src\system_stm32f3xx.o
 .debug_info    0x000202e8     0x2eaf Src\user.o
 .debug_info    0x00023197       0x64 startup\startup_stm32f334x8.o

.debug_abbrev   0x00000000     0x3473
 .debug_abbrev  0x00000000      0x29e Drivers\STM32F3xx_HAL_Driver\Src\stm32f3xx_hal.o
 .debug_abbrev  0x0000029e      0x305 Drivers\STM32F3xx_HAL_Driver\Src\stm32f3xx_hal_adc_ex.o
 .debug_abbrev  0x000005a3      0x386 Drivers\STM32F3xx_HAL_Driver\Src\stm32f3xx_hal_cortex.o
 .debug_abbrev  0x00000929      0x29c Drivers\STM32F3xx_HAL_Driver\Src\stm32f3xx_hal_dma.o
 .debug_abbrev  0x00000bc5      0x26d Drivers\STM32F3xx_HAL_Driver\Src\stm32f3xx_hal_gpio.o
 .debug_abbrev  0x00000e32      0x2a5 Drivers\STM32F3xx_HAL_Driver\Src\stm32f3xx_hal_i2c.o
 .debug_abbrev  0x000010d7      0x21d Drivers\STM32F3xx_HAL_Driver\Src\stm32f3xx_hal_i2c_ex.o
 .debug_abbrev  0x000012f4      0x30b Drivers\STM32F3xx_HAL_Driver\Src\stm32f3xx_hal_rcc.o
 .debug_abbrev  0x000015ff      0x2fc Drivers\STM32F3xx_HAL_Driver\Src\stm32f3xx_hal_rcc_ex.o
 .debug_abbrev  0x000018fb      0x27d Drivers\STM32F3xx_HAL_Driver\Src\stm32f3xx_hal_rtc.o
 .debug_abbrev  0x00001b78      0x28c Drivers\STM32F3xx_HAL_Driver\Src\stm32f3xx_hal_rtc_ex.o
 .debug_abbrev  0x00001e04      0x2a4 Drivers\STM32F3xx_HAL_Driver\Src\stm32f3xx_hal_tim.o
 .debug_abbrev  0x000020a8      0x2a4 Drivers\STM32F3xx_HAL_Driver\Src\stm32f3xx_hal_tim_ex.o
 .debug_abbrev  0x0000234c      0x2b1 Drivers\STM32F3xx_HAL_Driver\Src\stm32f3xx_hal_uart.o
 .debug_abbrev  0x000025fd      0x26e Drivers\STM32F3xx_HAL_Driver\Src\stm32f3xx_hal_uart_ex.o
 .debug_abbrev  0x0000286b      0x2c7 Src\main.o
 .debug_abbrev  0x00002b32      0x2a7 Src\stm32f3xx_hal_msp.o
 .debug_abbrev  0x00002dd9      0x202 Src\stm32f3xx_it.o
 .debug_abbrev  0x00002fdb      0x1cd Src\system_stm32f3xx.o
 .debug_abbrev  0x000031a8      0x2b9 Src\user.o
 .debug_abbrev  0x00003461       0x12 startup\startup_stm32f334x8.o

.debug_loc      0x00000000     0xff6b
 .debug_loc     0x00000000       0x69 Drivers\STM32F3xx_HAL_Driver\Src\stm32f3xx_hal.o
 .debug_loc     0x00000069     0x1ad4 Drivers\STM32F3xx_HAL_Driver\Src\stm32f3xx_hal_adc_ex.o
 .debug_loc     0x00001b3d      0x5ad Drivers\STM32F3xx_HAL_Driver\Src\stm32f3xx_hal_cortex.o
 .debug_loc     0x000020ea      0x708 Drivers\STM32F3xx_HAL_Driver\Src\stm32f3xx_hal_dma.o
 .debug_loc     0x000027f2      0x331 Drivers\STM32F3xx_HAL_Driver\Src\stm32f3xx_hal_gpio.o
 .debug_loc     0x00002b23     0x3aed Drivers\STM32F3xx_HAL_Driver\Src\stm32f3xx_hal_i2c.o
 .debug_loc     0x00006610      0x21c Drivers\STM32F3xx_HAL_Driver\Src\stm32f3xx_hal_i2c_ex.o
 .debug_loc     0x0000682c      0x913 Drivers\STM32F3xx_HAL_Driver\Src\stm32f3xx_hal_rcc.o
 .debug_loc     0x0000713f      0x4aa Drivers\STM32F3xx_HAL_Driver\Src\stm32f3xx_hal_rcc_ex.o
 .debug_loc     0x000075e9      0xb47 Drivers\STM32F3xx_HAL_Driver\Src\stm32f3xx_hal_rtc.o
 .debug_loc     0x00008130      0xb91 Drivers\STM32F3xx_HAL_Driver\Src\stm32f3xx_hal_rtc_ex.o
 .debug_loc     0x00008cc1     0x35ff Drivers\STM32F3xx_HAL_Driver\Src\stm32f3xx_hal_tim.o
 .debug_loc     0x0000c2c0     0x18d8 Drivers\STM32F3xx_HAL_Driver\Src\stm32f3xx_hal_tim_ex.o
 .debug_loc     0x0000db98     0x1635 Drivers\STM32F3xx_HAL_Driver\Src\stm32f3xx_hal_uart.o
 .debug_loc     0x0000f1cd      0x31c Drivers\STM32F3xx_HAL_Driver\Src\stm32f3xx_hal_uart_ex.o
 .debug_loc     0x0000f4e9      0x20c Src\stm32f3xx_hal_msp.o
 .debug_loc     0x0000f6f5       0xff Src\system_stm32f3xx.o
 .debug_loc     0x0000f7f4      0x777 Src\user.o

.debug_aranges  0x00000000     0x1208
 .debug_aranges
                0x00000000       0xc8 Drivers\STM32F3xx_HAL_Driver\Src\stm32f3xx_hal.o
 .debug_aranges
                0x000000c8      0x168 Drivers\STM32F3xx_HAL_Driver\Src\stm32f3xx_hal_adc_ex.o
 .debug_aranges
                0x00000230       0x90 Drivers\STM32F3xx_HAL_Driver\Src\stm32f3xx_hal_cortex.o
 .debug_aranges
                0x000002c0       0x88 Drivers\STM32F3xx_HAL_Driver\Src\stm32f3xx_hal_dma.o
 .debug_aranges
                0x00000348       0x58 Drivers\STM32F3xx_HAL_Driver\Src\stm32f3xx_hal_gpio.o
 .debug_aranges
                0x000003a0      0x260 Drivers\STM32F3xx_HAL_Driver\Src\stm32f3xx_hal_i2c.o
 .debug_aranges
                0x00000600       0x48 Drivers\STM32F3xx_HAL_Driver\Src\stm32f3xx_hal_i2c_ex.o
 .debug_aranges
                0x00000648       0x88 Drivers\STM32F3xx_HAL_Driver\Src\stm32f3xx_hal_rcc.o
 .debug_aranges
                0x000006d0       0x38 Drivers\STM32F3xx_HAL_Driver\Src\stm32f3xx_hal_rcc_ex.o
 .debug_aranges
                0x00000708       0xb8 Drivers\STM32F3xx_HAL_Driver\Src\stm32f3xx_hal_rtc.o
 .debug_aranges
                0x000007c0      0x120 Drivers\STM32F3xx_HAL_Driver\Src\stm32f3xx_hal_rtc_ex.o
 .debug_aranges
                0x000008e0      0x378 Drivers\STM32F3xx_HAL_Driver\Src\stm32f3xx_hal_tim.o
 .debug_aranges
                0x00000c58      0x178 Drivers\STM32F3xx_HAL_Driver\Src\stm32f3xx_hal_tim_ex.o
 .debug_aranges
                0x00000dd0      0x1f0 Drivers\STM32F3xx_HAL_Driver\Src\stm32f3xx_hal_uart.o
 .debug_aranges
                0x00000fc0       0x48 Drivers\STM32F3xx_HAL_Driver\Src\stm32f3xx_hal_uart_ex.o
 .debug_aranges
                0x00001008       0x60 Src\main.o
 .debug_aranges
                0x00001068       0x70 Src\stm32f3xx_hal_msp.o
 .debug_aranges
                0x000010d8       0x50 Src\stm32f3xx_it.o
 .debug_aranges
                0x00001128       0x28 Src\system_stm32f3xx.o
 .debug_aranges
                0x00001150       0x90 Src\user.o
 .debug_aranges
                0x000011e0       0x28 startup\startup_stm32f334x8.o

.debug_ranges   0x00000000     0x1178
 .debug_ranges  0x00000000       0xb8 Drivers\STM32F3xx_HAL_Driver\Src\stm32f3xx_hal.o
 .debug_ranges  0x000000b8      0x158 Drivers\STM32F3xx_HAL_Driver\Src\stm32f3xx_hal_adc_ex.o
 .debug_ranges  0x00000210       0xe0 Drivers\STM32F3xx_HAL_Driver\Src\stm32f3xx_hal_cortex.o
 .debug_ranges  0x000002f0       0x78 Drivers\STM32F3xx_HAL_Driver\Src\stm32f3xx_hal_dma.o
 .debug_ranges  0x00000368       0x48 Drivers\STM32F3xx_HAL_Driver\Src\stm32f3xx_hal_gpio.o
 .debug_ranges  0x000003b0      0x250 Drivers\STM32F3xx_HAL_Driver\Src\stm32f3xx_hal_i2c.o
 .debug_ranges  0x00000600       0x38 Drivers\STM32F3xx_HAL_Driver\Src\stm32f3xx_hal_i2c_ex.o
 .debug_ranges  0x00000638       0x98 Drivers\STM32F3xx_HAL_Driver\Src\stm32f3xx_hal_rcc.o
 .debug_ranges  0x000006d0       0x40 Drivers\STM32F3xx_HAL_Driver\Src\stm32f3xx_hal_rcc_ex.o
 .debug_ranges  0x00000710       0xa8 Drivers\STM32F3xx_HAL_Driver\Src\stm32f3xx_hal_rtc.o
 .debug_ranges  0x000007b8      0x110 Drivers\STM32F3xx_HAL_Driver\Src\stm32f3xx_hal_rtc_ex.o
 .debug_ranges  0x000008c8      0x368 Drivers\STM32F3xx_HAL_Driver\Src\stm32f3xx_hal_tim.o
 .debug_ranges  0x00000c30      0x168 Drivers\STM32F3xx_HAL_Driver\Src\stm32f3xx_hal_tim_ex.o
 .debug_ranges  0x00000d98      0x1e0 Drivers\STM32F3xx_HAL_Driver\Src\stm32f3xx_hal_uart.o
 .debug_ranges  0x00000f78       0x38 Drivers\STM32F3xx_HAL_Driver\Src\stm32f3xx_hal_uart_ex.o
 .debug_ranges  0x00000fb0       0x50 Src\main.o
 .debug_ranges  0x00001000       0x60 Src\stm32f3xx_hal_msp.o
 .debug_ranges  0x00001060       0x40 Src\stm32f3xx_it.o
 .debug_ranges  0x000010a0       0x18 Src\system_stm32f3xx.o
 .debug_ranges  0x000010b8       0xa0 Src\user.o
 .debug_ranges  0x00001158       0x20 startup\startup_stm32f334x8.o

.debug_macro    0x00000000    0x1fd5d
 .debug_macro   0x00000000      0x36a Drivers\STM32F3xx_HAL_Driver\Src\stm32f3xx_hal.o
 .debug_macro   0x0000036a      0x8b6 Drivers\STM32F3xx_HAL_Driver\Src\stm32f3xx_hal.o
 .debug_macro   0x00000c20       0x6a Drivers\STM32F3xx_HAL_Driver\Src\stm32f3xx_hal.o
 .debug_macro   0x00000c8a       0xb1 Drivers\STM32F3xx_HAL_Driver\Src\stm32f3xx_hal.o
 .debug_macro   0x00000d3b       0x2f Drivers\STM32F3xx_HAL_Driver\Src\stm32f3xx_hal.o
 .debug_macro   0x00000d6a       0x28 Drivers\STM32F3xx_HAL_Driver\Src\stm32f3xx_hal.o
 .debug_macro   0x00000d92       0x22 Drivers\STM32F3xx_HAL_Driver\Src\stm32f3xx_hal.o
 .debug_macro   0x00000db4       0x87 Drivers\STM32F3xx_HAL_Driver\Src\stm32f3xx_hal.o
 .debug_macro   0x00000e3b       0x51 Drivers\STM32F3xx_HAL_Driver\Src\stm32f3xx_hal.o
 .debug_macro   0x00000e8c       0xef Drivers\STM32F3xx_HAL_Driver\Src\stm32f3xx_hal.o
 .debug_macro   0x00000f7b       0x6a Drivers\STM32F3xx_HAL_Driver\Src\stm32f3xx_hal.o
 .debug_macro   0x00000fe5      0x1df Drivers\STM32F3xx_HAL_Driver\Src\stm32f3xx_hal.o
 .debug_macro   0x000011c4       0x35 Drivers\STM32F3xx_HAL_Driver\Src\stm32f3xx_hal.o
 .debug_macro   0x000011f9       0x50 Drivers\STM32F3xx_HAL_Driver\Src\stm32f3xx_hal.o
 .debug_macro   0x00001249      0xd40 Drivers\STM32F3xx_HAL_Driver\Src\stm32f3xx_hal.o
 .debug_macro   0x00001f89    0x15472 Drivers\STM32F3xx_HAL_Driver\Src\stm32f3xx_hal.o
 .debug_macro   0x000173fb       0x43 Drivers\STM32F3xx_HAL_Driver\Src\stm32f3xx_hal.o
 .debug_macro   0x0001743e       0x46 Drivers\STM32F3xx_HAL_Driver\Src\stm32f3xx_hal.o
 .debug_macro   0x00017484       0x3c Drivers\STM32F3xx_HAL_Driver\Src\stm32f3xx_hal.o
 .debug_macro   0x000174c0       0x9c Drivers\STM32F3xx_HAL_Driver\Src\stm32f3xx_hal.o
 .debug_macro   0x0001755c       0x16 Drivers\STM32F3xx_HAL_Driver\Src\stm32f3xx_hal.o
 .debug_macro   0x00017572       0x97 Drivers\STM32F3xx_HAL_Driver\Src\stm32f3xx_hal.o
 .debug_macro   0x00017609      0x30d Drivers\STM32F3xx_HAL_Driver\Src\stm32f3xx_hal.o
 .debug_macro   0x00017916       0xfd Drivers\STM32F3xx_HAL_Driver\Src\stm32f3xx_hal.o
 .debug_macro   0x00017a13       0x10 Drivers\STM32F3xx_HAL_Driver\Src\stm32f3xx_hal.o
 .debug_macro   0x00017a23       0x52 Drivers\STM32F3xx_HAL_Driver\Src\stm32f3xx_hal.o
 .debug_macro   0x00017a75       0x1f Drivers\STM32F3xx_HAL_Driver\Src\stm32f3xx_hal.o
 .debug_macro   0x00017a94       0x43 Drivers\STM32F3xx_HAL_Driver\Src\stm32f3xx_hal.o
 .debug_macro   0x00017ad7       0x20 Drivers\STM32F3xx_HAL_Driver\Src\stm32f3xx_hal.o
 .debug_macro   0x00017af7      0x1a3 Drivers\STM32F3xx_HAL_Driver\Src\stm32f3xx_hal.o
 .debug_macro   0x00017c9a       0x10 Drivers\STM32F3xx_HAL_Driver\Src\stm32f3xx_hal.o
 .debug_macro   0x00017caa       0x1c Drivers\STM32F3xx_HAL_Driver\Src\stm32f3xx_hal.o
 .debug_macro   0x00017cc6       0x52 Drivers\STM32F3xx_HAL_Driver\Src\stm32f3xx_hal.o
 .debug_macro   0x00017d18       0x40 Drivers\STM32F3xx_HAL_Driver\Src\stm32f3xx_hal.o
 .debug_macro   0x00017d58       0x10 Drivers\STM32F3xx_HAL_Driver\Src\stm32f3xx_hal.o
 .debug_macro   0x00017d68       0x40 Drivers\STM32F3xx_HAL_Driver\Src\stm32f3xx_hal.o
 .debug_macro   0x00017da8       0xd7 Drivers\STM32F3xx_HAL_Driver\Src\stm32f3xx_hal.o
 .debug_macro   0x00017e7f       0x16 Drivers\STM32F3xx_HAL_Driver\Src\stm32f3xx_hal.o
 .debug_macro   0x00017e95      0x161 Drivers\STM32F3xx_HAL_Driver\Src\stm32f3xx_hal.o
 .debug_macro   0x00017ff6       0x49 Drivers\STM32F3xx_HAL_Driver\Src\stm32f3xx_hal.o
 .debug_macro   0x0001803f      0x8ff Drivers\STM32F3xx_HAL_Driver\Src\stm32f3xx_hal.o
 .debug_macro   0x0001893e      0x358 Drivers\STM32F3xx_HAL_Driver\Src\stm32f3xx_hal.o
 .debug_macro   0x00018c96      0x13a Drivers\STM32F3xx_HAL_Driver\Src\stm32f3xx_hal.o
 .debug_macro   0x00018dd0      0x130 Drivers\STM32F3xx_HAL_Driver\Src\stm32f3xx_hal.o
 .debug_macro   0x00018f00      0x1bc Drivers\STM32F3xx_HAL_Driver\Src\stm32f3xx_hal.o
 .debug_macro   0x000190bc       0x34 Drivers\STM32F3xx_HAL_Driver\Src\stm32f3xx_hal.o
 .debug_macro   0x000190f0       0x3c Drivers\STM32F3xx_HAL_Driver\Src\stm32f3xx_hal.o
 .debug_macro   0x0001912c       0x57 Drivers\STM32F3xx_HAL_Driver\Src\stm32f3xx_hal.o
 .debug_macro   0x00019183      0x84c Drivers\STM32F3xx_HAL_Driver\Src\stm32f3xx_hal.o
 .debug_macro   0x000199cf       0x77 Drivers\STM32F3xx_HAL_Driver\Src\stm32f3xx_hal.o
 .debug_macro   0x00019a46       0xcb Drivers\STM32F3xx_HAL_Driver\Src\stm32f3xx_hal.o
 .debug_macro   0x00019b11      0x1a0 Drivers\STM32F3xx_HAL_Driver\Src\stm32f3xx_hal.o
 .debug_macro   0x00019cb1      0x202 Drivers\STM32F3xx_HAL_Driver\Src\stm32f3xx_hal.o
 .debug_macro   0x00019eb3       0x5b Drivers\STM32F3xx_HAL_Driver\Src\stm32f3xx_hal.o
 .debug_macro   0x00019f0e       0x90 Drivers\STM32F3xx_HAL_Driver\Src\stm32f3xx_hal.o
 .debug_macro   0x00019f9e       0x82 Drivers\STM32F3xx_HAL_Driver\Src\stm32f3xx_hal.o
 .debug_macro   0x0001a020       0xd3 Drivers\STM32F3xx_HAL_Driver\Src\stm32f3xx_hal.o
 .debug_macro   0x0001a0f3      0x2fe Drivers\STM32F3xx_HAL_Driver\Src\stm32f3xx_hal.o
 .debug_macro   0x0001a3f1      0x388 Drivers\STM32F3xx_HAL_Driver\Src\stm32f3xx_hal.o
 .debug_macro   0x0001a779       0xeb Drivers\STM32F3xx_HAL_Driver\Src\stm32f3xx_hal.o
 .debug_macro   0x0001a864      0x6af Drivers\STM32F3xx_HAL_Driver\Src\stm32f3xx_hal.o
 .debug_macro   0x0001af13      0x352 Drivers\STM32F3xx_HAL_Driver\Src\stm32f3xx_hal.o
 .debug_macro   0x0001b265      0x566 Drivers\STM32F3xx_HAL_Driver\Src\stm32f3xx_hal.o
 .debug_macro   0x0001b7cb       0x31 Drivers\STM32F3xx_HAL_Driver\Src\stm32f3xx_hal.o
 .debug_macro   0x0001b7fc      0x298 Drivers\STM32F3xx_HAL_Driver\Src\stm32f3xx_hal.o
 .debug_macro   0x0001ba94      0x370 Drivers\STM32F3xx_HAL_Driver\Src\stm32f3xx_hal_adc_ex.o
 .debug_macro   0x0001be04      0x346 Drivers\STM32F3xx_HAL_Driver\Src\stm32f3xx_hal_cortex.o
 .debug_macro   0x0001c14a      0x346 Drivers\STM32F3xx_HAL_Driver\Src\stm32f3xx_hal_dma.o
 .debug_macro   0x0001c490      0x37e Drivers\STM32F3xx_HAL_Driver\Src\stm32f3xx_hal_gpio.o
 .debug_macro   0x0001c80e      0x412 Drivers\STM32F3xx_HAL_Driver\Src\stm32f3xx_hal_i2c.o
 .debug_macro   0x0001cc20      0x346 Drivers\STM32F3xx_HAL_Driver\Src\stm32f3xx_hal_i2c_ex.o
 .debug_macro   0x0001cf66      0x36a Drivers\STM32F3xx_HAL_Driver\Src\stm32f3xx_hal_rcc.o
 .debug_macro   0x0001d2d0      0x346 Drivers\STM32F3xx_HAL_Driver\Src\stm32f3xx_hal_rcc_ex.o
 .debug_macro   0x0001d616      0x347 Drivers\STM32F3xx_HAL_Driver\Src\stm32f3xx_hal_rtc.o
 .debug_macro   0x0001d95d      0x346 Drivers\STM32F3xx_HAL_Driver\Src\stm32f3xx_hal_rtc_ex.o
 .debug_macro   0x0001dca3      0x346 Drivers\STM32F3xx_HAL_Driver\Src\stm32f3xx_hal_tim.o
 .debug_macro   0x0001dfe9      0x352 Drivers\STM32F3xx_HAL_Driver\Src\stm32f3xx_hal_tim_ex.o
 .debug_macro   0x0001e33b      0x34e Drivers\STM32F3xx_HAL_Driver\Src\stm32f3xx_hal_uart.o
 .debug_macro   0x0001e689      0x346 Drivers\STM32F3xx_HAL_Driver\Src\stm32f3xx_hal_uart_ex.o
 .debug_macro   0x0001e9cf      0x35d Src\main.o
 .debug_macro   0x0001ed2c       0x22 Src\main.o
 .debug_macro   0x0001ed4e      0x346 Src\stm32f3xx_hal_msp.o
 .debug_macro   0x0001f094      0x363 Src\stm32f3xx_it.o
 .debug_macro   0x0001f3f7      0x34c Src\system_stm32f3xx.o
 .debug_macro   0x0001f743      0x382 Src\user.o
 .debug_macro   0x0001fac5       0xb7 Src\user.o
 .debug_macro   0x0001fb7c      0x1e1 Src\user.o

.debug_line     0x00000000     0xf047
 .debug_line    0x00000000      0x89e Drivers\STM32F3xx_HAL_Driver\Src\stm32f3xx_hal.o
 .debug_line    0x0000089e     0x151b Drivers\STM32F3xx_HAL_Driver\Src\stm32f3xx_hal_adc_ex.o
 .debug_line    0x00001db9      0x8c0 Drivers\STM32F3xx_HAL_Driver\Src\stm32f3xx_hal_cortex.o
 .debug_line    0x00002679      0x959 Drivers\STM32F3xx_HAL_Driver\Src\stm32f3xx_hal_dma.o
 .debug_line    0x00002fd2      0x866 Drivers\STM32F3xx_HAL_Driver\Src\stm32f3xx_hal_gpio.o
 .debug_line    0x00003838     0x1898 Drivers\STM32F3xx_HAL_Driver\Src\stm32f3xx_hal_i2c.o
 .debug_line    0x000050d0      0x86d Drivers\STM32F3xx_HAL_Driver\Src\stm32f3xx_hal_i2c_ex.o
 .debug_line    0x0000593d      0xbc1 Drivers\STM32F3xx_HAL_Driver\Src\stm32f3xx_hal_rcc.o
 .debug_line    0x000064fe      0x8ba Drivers\STM32F3xx_HAL_Driver\Src\stm32f3xx_hal_rcc_ex.o
 .debug_line    0x00006db8      0xad5 Drivers\STM32F3xx_HAL_Driver\Src\stm32f3xx_hal_rtc.o
 .debug_line    0x0000788d      0xd5f Drivers\STM32F3xx_HAL_Driver\Src\stm32f3xx_hal_rtc_ex.o
 .debug_line    0x000085ec     0x18db Drivers\STM32F3xx_HAL_Driver\Src\stm32f3xx_hal_tim.o
 .debug_line    0x00009ec7      0xe63 Drivers\STM32F3xx_HAL_Driver\Src\stm32f3xx_hal_tim_ex.o
 .debug_line    0x0000ad2a     0x114a Drivers\STM32F3xx_HAL_Driver\Src\stm32f3xx_hal_uart.o
 .debug_line    0x0000be74      0x81e Drivers\STM32F3xx_HAL_Driver\Src\stm32f3xx_hal_uart_ex.o
 .debug_line    0x0000c692      0x86a Src\main.o
 .debug_line    0x0000cefc      0x81c Src\stm32f3xx_hal_msp.o
 .debug_line    0x0000d718      0x798 Src\stm32f3xx_it.o
 .debug_line    0x0000deb0      0x73a Src\system_stm32f3xx.o
 .debug_line    0x0000e5ea      0x9de Src\user.o
 .debug_line    0x0000efc8       0x7f startup\startup_stm32f334x8.o

.debug_str      0x00000000    0xb2407
 .debug_str     0x00000000    0xac1eb Drivers\STM32F3xx_HAL_Driver\Src\stm32f3xx_hal.o
                              0xac53e (size before relaxing)
 .debug_str     0x000ac1eb      0xce3 Drivers\STM32F3xx_HAL_Driver\Src\stm32f3xx_hal_adc_ex.o
                              0xacb77 (size before relaxing)
 .debug_str     0x000acece      0x2af Drivers\STM32F3xx_HAL_Driver\Src\stm32f3xx_hal_cortex.o
                              0xac506 (size before relaxing)
 .debug_str     0x000ad17d      0x229 Drivers\STM32F3xx_HAL_Driver\Src\stm32f3xx_hal_dma.o
                              0xac1fb (size before relaxing)
 .debug_str     0x000ad3a6      0x2cf Drivers\STM32F3xx_HAL_Driver\Src\stm32f3xx_hal_gpio.o
                              0xac153 (size before relaxing)
 .debug_str     0x000ad675      0xfdd Drivers\STM32F3xx_HAL_Driver\Src\stm32f3xx_hal_i2c.o
                              0xad007 (size before relaxing)
 .debug_str     0x000ae652       0xf3 Drivers\STM32F3xx_HAL_Driver\Src\stm32f3xx_hal_i2c_ex.o
                              0xac432 (size before relaxing)
 .debug_str     0x000ae745      0x3f3 Drivers\STM32F3xx_HAL_Driver\Src\stm32f3xx_hal_rcc.o
                              0xac2eb (size before relaxing)
 .debug_str     0x000aeb38      0x194 Drivers\STM32F3xx_HAL_Driver\Src\stm32f3xx_hal_rcc_ex.o
                              0xac045 (size before relaxing)
 .debug_str     0x000aeccc      0x42c Drivers\STM32F3xx_HAL_Driver\Src\stm32f3xx_hal_rtc.o
                              0xac2c6 (size before relaxing)
 .debug_str     0x000af0f8      0x501 Drivers\STM32F3xx_HAL_Driver\Src\stm32f3xx_hal_rtc_ex.o
                              0xac5d0 (size before relaxing)
 .debug_str     0x000af5f9      0xf53 Drivers\STM32F3xx_HAL_Driver\Src\stm32f3xx_hal_tim.o
                              0xacf90 (size before relaxing)
 .debug_str     0x000b054c      0x5ce Drivers\STM32F3xx_HAL_Driver\Src\stm32f3xx_hal_tim_ex.o
                              0xac9f6 (size before relaxing)
 .debug_str     0x000b0b1a      0x982 Drivers\STM32F3xx_HAL_Driver\Src\stm32f3xx_hal_uart.o
                              0xaca81 (size before relaxing)
 .debug_str     0x000b149c       0xed Drivers\STM32F3xx_HAL_Driver\Src\stm32f3xx_hal_uart_ex.o
                              0xac40c (size before relaxing)
 .debug_str     0x000b1589      0x115 Src\main.o
                              0xad52c (size before relaxing)
 .debug_str     0x000b169e       0x25 Src\stm32f3xx_hal_msp.o
                              0xacfb7 (size before relaxing)
 .debug_str     0x000b16c3       0xd4 Src\stm32f3xx_it.o
                              0xac9d2 (size before relaxing)
 .debug_str     0x000b1797       0x64 Src\system_stm32f3xx.o
                              0xabe84 (size before relaxing)
 .debug_str     0x000b17fb      0xc0c Src\user.o
                              0xad9dc (size before relaxing)

.comment        0x00000000       0x7c
 .comment       0x00000000       0x7c Drivers\STM32F3xx_HAL_Driver\Src\stm32f3xx_hal.o
                                 0x7d (size before relaxing)
 .comment       0x0000007c       0x7d Drivers\STM32F3xx_HAL_Driver\Src\stm32f3xx_hal_adc_ex.o
 .comment       0x0000007c       0x7d Drivers\STM32F3xx_HAL_Driver\Src\stm32f3xx_hal_cortex.o
 .comment       0x0000007c       0x7d Drivers\STM32F3xx_HAL_Driver\Src\stm32f3xx_hal_dma.o
 .comment       0x0000007c       0x7d Drivers\STM32F3xx_HAL_Driver\Src\stm32f3xx_hal_gpio.o
 .comment       0x0000007c       0x7d Drivers\STM32F3xx_HAL_Driver\Src\stm32f3xx_hal_i2c.o
 .comment       0x0000007c       0x7d Drivers\STM32F3xx_HAL_Driver\Src\stm32f3xx_hal_i2c_ex.o
 .comment       0x0000007c       0x7d Drivers\STM32F3xx_HAL_Driver\Src\stm32f3xx_hal_rcc.o
 .comment       0x0000007c       0x7d Drivers\STM32F3xx_HAL_Driver\Src\stm32f3xx_hal_rcc_ex.o
 .comment       0x0000007c       0x7d Drivers\STM32F3xx_HAL_Driver\Src\stm32f3xx_hal_rtc.o
 .comment       0x0000007c       0x7d Drivers\STM32F3xx_HAL_Driver\Src\stm32f3xx_hal_rtc_ex.o
 .comment       0x0000007c       0x7d Drivers\STM32F3xx_HAL_Driver\Src\stm32f3xx_hal_tim.o
 .comment       0x0000007c       0x7d Drivers\STM32F3xx_HAL_Driver\Src\stm32f3xx_hal_tim_ex.o
 .comment       0x0000007c       0x7d Drivers\STM32F3xx_HAL_Driver\Src\stm32f3xx_hal_uart.o
 .comment       0x0000007c       0x7d Drivers\STM32F3xx_HAL_Driver\Src\stm32f3xx_hal_uart_ex.o
 .comment       0x0000007c       0x7d Src\main.o
 .comment       0x0000007c       0x7d Src\stm32f3xx_hal_msp.o
 .comment       0x0000007c       0x7d Src\stm32f3xx_it.o
 .comment       0x0000007c       0x7d Src\system_stm32f3xx.o
 .comment       0x0000007c       0x7d Src\user.o

.debug_frame    0x00000000     0x3294
 .debug_frame   0x00000000      0x198 Drivers\STM32F3xx_HAL_Driver\Src\stm32f3xx_hal.o
 .debug_frame   0x00000198      0x4a0 Drivers\STM32F3xx_HAL_Driver\Src\stm32f3xx_hal_adc_ex.o
 .debug_frame   0x00000638      0x12c Drivers\STM32F3xx_HAL_Driver\Src\stm32f3xx_hal_cortex.o
 .debug_frame   0x00000764      0x164 Drivers\STM32F3xx_HAL_Driver\Src\stm32f3xx_hal_dma.o
 .debug_frame   0x000008c8       0xd0 Drivers\STM32F3xx_HAL_Driver\Src\stm32f3xx_hal_gpio.o
 .debug_frame   0x00000998      0x81c Drivers\STM32F3xx_HAL_Driver\Src\stm32f3xx_hal_i2c.o
 .debug_frame   0x000011b4       0x80 Drivers\STM32F3xx_HAL_Driver\Src\stm32f3xx_hal_i2c_ex.o
 .debug_frame   0x00001234      0x140 Drivers\STM32F3xx_HAL_Driver\Src\stm32f3xx_hal_rcc.o
 .debug_frame   0x00001374       0x7c Drivers\STM32F3xx_HAL_Driver\Src\stm32f3xx_hal_rcc_ex.o
 .debug_frame   0x000013f0      0x204 Drivers\STM32F3xx_HAL_Driver\Src\stm32f3xx_hal_rtc.o
 .debug_frame   0x000015f4      0x320 Drivers\STM32F3xx_HAL_Driver\Src\stm32f3xx_hal_rtc_ex.o
 .debug_frame   0x00001914      0xa1c Drivers\STM32F3xx_HAL_Driver\Src\stm32f3xx_hal_tim.o
 .debug_frame   0x00002330      0x45c Drivers\STM32F3xx_HAL_Driver\Src\stm32f3xx_hal_tim_ex.o
 .debug_frame   0x0000278c      0x570 Drivers\STM32F3xx_HAL_Driver\Src\stm32f3xx_hal_uart.o
 .debug_frame   0x00002cfc       0xb4 Drivers\STM32F3xx_HAL_Driver\Src\stm32f3xx_hal_uart_ex.o
 .debug_frame   0x00002db0      0x110 Src\main.o
 .debug_frame   0x00002ec0      0x138 Src\stm32f3xx_hal_msp.o
 .debug_frame   0x00002ff8       0xb8 Src\stm32f3xx_it.o
 .debug_frame   0x000030b0       0x30 Src\system_stm32f3xx.o
 .debug_frame   0x000030e0      0x188 Src\user.o
 .debug_frame   0x00003268       0x2c c:/program files (x86)/atollic/truestudio for arm 8.0.0/armtools/bin/../lib/gcc/arm-atollic-eabi/6.3.1/../../../../arm-atollic-eabi/lib/armv7e-m/fpu\libc_nano.a(lib_a-init.o)
