stm32f3xx_hal_rtc_ex.c:150:19:HAL_RTCEx_SetTimeStamp	8	static
stm32f3xx_hal_rtc_ex.c:204:19:HAL_RTCEx_SetTimeStamp_IT	12	static
stm32f3xx_hal_rtc_ex.c:254:19:HAL_RTCEx_DeactivateTimeStamp	12	static
stm32f3xx_hal_rtc_ex.c:297:19:HAL_RTCEx_GetTimeStamp	24	static
stm32f3xx_hal_rtc_ex.c:348:19:HAL_RTCEx_SetTamper	20	static
stm32f3xx_hal_rtc_ex.c:396:19:HAL_RTCEx_SetTamper_IT	20	static
stm32f3xx_hal_rtc_ex.c:454:19:HAL_RTCEx_DeactivateTamper	4	static
stm32f3xx_hal_rtc_ex.c:551:13:HAL_RTCEx_TimeStampEventCallback	0	static
stm32f3xx_hal_rtc_ex.c:566:13:HAL_RTCEx_Tamper1EventCallback	0	static
stm32f3xx_hal_rtc_ex.c:581:13:HAL_RTCEx_Tamper2EventCallback	0	static
stm32f3xx_hal_rtc_ex.c:479:6:HAL_RTCEx_TamperTimeStampIRQHandler	8	static
stm32f3xx_hal_rtc_ex.c:614:19:HAL_RTCEx_PollForTimeStampEvent	16	static
stm32f3xx_hal_rtc_ex.c:653:19:HAL_RTCEx_PollForTamper1Event	16	static
stm32f3xx_hal_rtc_ex.c:685:19:HAL_RTCEx_PollForTamper2Event	16	static
stm32f3xx_hal_rtc_ex.c:770:19:HAL_RTCEx_SetWakeUpTimer	32	static
stm32f3xx_hal_rtc_ex.c:859:19:HAL_RTCEx_SetWakeUpTimer_IT	32	static
stm32f3xx_hal_rtc_ex.c:958:10:HAL_RTCEx_DeactivateWakeUpTimer	16	static
stm32f3xx_hal_rtc_ex.c:1010:10:HAL_RTCEx_GetWakeUpTimer	0	static
stm32f3xx_hal_rtc_ex.c:1045:13:HAL_RTCEx_WakeUpTimerEventCallback	0	static
stm32f3xx_hal_rtc_ex.c:1021:6:HAL_RTCEx_WakeUpTimerIRQHandler	8	static
stm32f3xx_hal_rtc_ex.c:1063:19:HAL_RTCEx_PollForWakeUpTimerEvent	16	static
stm32f3xx_hal_rtc_ex.c:1129:6:HAL_RTCEx_BKUPWrite	0	static
stm32f3xx_hal_rtc_ex.c:1151:10:HAL_RTCEx_BKUPRead	0	static
stm32f3xx_hal_rtc_ex.c:1184:19:HAL_RTCEx_SetSmoothCalib	32	static
stm32f3xx_hal_rtc_ex.c:1252:19:HAL_RTCEx_SetSynchroShift	24	static
stm32f3xx_hal_rtc_ex.c:1345:19:HAL_RTCEx_SetCalibrationOutPut	12	static
stm32f3xx_hal_rtc_ex.c:1383:19:HAL_RTCEx_DeactivateCalibrationOutPut	12	static
stm32f3xx_hal_rtc_ex.c:1412:19:HAL_RTCEx_SetRefClock	16	static
stm32f3xx_hal_rtc_ex.c:1461:19:HAL_RTCEx_DeactivateRefClock	16	static
stm32f3xx_hal_rtc_ex.c:1512:19:HAL_RTCEx_EnableBypassShadow	12	static
stm32f3xx_hal_rtc_ex.c:1544:19:HAL_RTCEx_DisableBypassShadow	12	static
stm32f3xx_hal_rtc_ex.c:1593:13:HAL_RTCEx_AlarmBEventCallback	0	static
stm32f3xx_hal_rtc_ex.c:1609:19:HAL_RTCEx_PollForAlarmBEvent	16	static
